[root@localhost ~]# mkdir -p /data/syslog
[root@localhost ~]# chown splunk:splunk /data/syslog
[root@localhost ~]# dnf install https://dl.fedoraproject.org/pub/epel/epel-release-latest-8.noarch.rpm -y
Last metadata expiration check: 2:19:11 ago on Wed 04 May 2022 20:08:53 AEST.
epel-release-latest-8.noarch.rpm                                                                                                                                                                                                               14 kB/s |  23 kB     00:01
Dependencies resolved.
==============================================================================================================================================================================================================================================================================
 Package                                                             Architecture                                                  Version                                                          Repository                                                           Size
==============================================================================================================================================================================================================================================================================
Installing:
 epel-release                                                        noarch                                                        8-15.el8                                                         @commandline                                                         23 k

Transaction Summary
==============================================================================================================================================================================================================================================================================
Install  1 Package

Total size: 23 k
Installed size: 32 k
Downloading Packages:
Running transaction check
Transaction check succeeded.
Running transaction test
Transaction test succeeded.
Running transaction
  Preparing        :                                                                                                                                                                                                                                                      1/1
  Installing       : epel-release-8-15.el8.noarch                                                                                                                                                                                                                         1/1
  Running scriptlet: epel-release-8-15.el8.noarch                                                                                                                                                                                                                         1/1
  Verifying        : epel-release-8-15.el8.noarch                                                                                                                                                                                                                         1/1

Installed:
  epel-release-8-15.el8.noarch

Complete!
[root@localhost ~]# dnf config-manager --set-enabled PowerTools
Error: No matching repo to modify: PowerTools.
[root@localhost ~]# dnf repolist all
repo id                                                                                                      repo name                                                                                                                                                status
appstream                                                                                                    CentOS Stream 8 - AppStream                                                                                                                              enabled
appstream-source                                                                                             CentOS Stream 8 - AppStream - Source                                                                                                                     disabled
baseos                                                                                                       CentOS Stream 8 - BaseOS                                                                                                                                 enabled
baseos-source                                                                                                CentOS Stream 8 - BaseOS - Source                                                                                                                        disabled
debuginfo                                                                                                    CentOS Stream 8 - Debuginfo                                                                                                                              disabled
epel                                                                                                         Extra Packages for Enterprise Linux 8 - x86_64                                                                                                           enabled
epel-debuginfo                                                                                               Extra Packages for Enterprise Linux 8 - x86_64 - Debug                                                                                                   disabled
epel-modular                                                                                                 Extra Packages for Enterprise Linux Modular 8 - x86_64                                                                                                   enabled
epel-modular-debuginfo                                                                                       Extra Packages for Enterprise Linux Modular 8 - x86_64 - Debug                                                                                           disabled
epel-modular-source                                                                                          Extra Packages for Enterprise Linux Modular 8 - x86_64 - Source                                                                                          disabled
epel-source                                                                                                  Extra Packages for Enterprise Linux 8 - x86_64 - Source                                                                                                  disabled
epel-testing                                                                                                 Extra Packages for Enterprise Linux 8 - Testing - x86_64                                                                                                 disabled
epel-testing-debuginfo                                                                                       Extra Packages for Enterprise Linux 8 - Testing - x86_64 - Debug                                                                                         disabled
epel-testing-modular                                                                                         Extra Packages for Enterprise Linux Modular 8 - Testing - x86_64                                                                                         disabled
epel-testing-modular-debuginfo                                                                               Extra Packages for Enterprise Linux Modular 8 - Testing - x86_64 - Debug                                                                                 disabled
epel-testing-modular-source                                                                                  Extra Packages for Enterprise Linux Modular 8 - Testing - x86_64 - Source                                                                                disabled
epel-testing-source                                                                                          Extra Packages for Enterprise Linux 8 - Testing - x86_64 - Source                                                                                        disabled
extras                                                                                                       CentOS Stream 8 - Extras                                                                                                                                 enabled
extras-source                                                                                                CentOS Stream 8 - Extras - Source                                                                                                                        disabled
ha                                                                                                           CentOS Stream 8 - HighAvailability                                                                                                                       disabled
ha-source                                                                                                    CentOS Stream 8 - HighAvailability - Source                                                                                                              disabled
media-appstream                                                                                              CentOS Stream 8 - Media - AppStream                                                                                                                      disabled
media-baseos                                                                                                 CentOS Stream 8 - Media - BaseOS                                                                                                                         disabled
powertools                                                                                                   CentOS Stream 8 - PowerTools                                                                                                                             disabled
powertools-source                                                                                            CentOS Stream 8 - PowerTools - Source                                                                                                                    disabled
rancher-rke2-1.21-stable                                                                                     Rancher RKE2 1.21 (stable)                                                                                                                               enabled
rancher-rke2-common-stable                                                                                   Rancher RKE2 Common (stable)                                                                                                                             enabled
resilientstorage                                                                                             CentOS Stream 8 - ResilientStorage                                                                                                                       disabled
resilientstorage-source                                                                                      CentOS Stream 8 - ResilientStorage - Source                                                                                                              disabled
rt                                                                                                           CentOS Stream 8 - RealTime                                                                                                                               disabled
rt-source                                                                                                    CentOS Stream 8 - RT - Source                                                                                                                            disabled
[root@localhost ~]# dnf config-manager --set-enabled powertools
[root@localhost ~]# dnf install syslog-ng -y
CentOS Stream 8 - PowerTools                                                                                                                                                                                                                  1.4 MB/s | 4.6 MB     00:03
Extra Packages for Enterprise Linux 8 - x86_64                                                                                                                                                                                                3.2 MB/s |  11 MB     00:03
Extra Packages for Enterprise Linux Modular 8 - x86_64                                                                                                                                                                                        835 kB/s | 1.0 MB     00:01
Dependencies resolved.
==============================================================================================================================================================================================================================================================================
 Package                                                            Architecture                                                    Version                                                               Repository                                                     Size
==============================================================================================================================================================================================================================================================================
Installing:
 syslog-ng                                                          x86_64                                                          3.23.1-2.el8                                                          epel                                                          842 k
Installing dependencies:
 ivykis                                                             x86_64                                                          0.42.4-2.el8                                                          epel                                                           47 k

Transaction Summary
==============================================================================================================================================================================================================================================================================
Install  2 Packages

Total download size: 889 k
Installed size: 3.2 M
Downloading Packages:
(1/2): ivykis-0.42.4-2.el8.x86_64.rpm                                                                                                                                                                                                         438 kB/s |  47 kB     00:00
(2/2): syslog-ng-3.23.1-2.el8.x86_64.rpm                                                                                                                                                                                                      3.0 MB/s | 842 kB     00:00
------------------------------------------------------------------------------------------------------------------------------------------------------------------------------------------------------------------------------------------------------------------------------
Total                                                                                                                                                                                                                                         599 kB/s | 889 kB     00:01
Extra Packages for Enterprise Linux 8 - x86_64                                                                                                                                                                                                1.6 MB/s | 1.6 kB     00:00
Importing GPG key 0x2F86D6A1:
 Userid     : "Fedora EPEL (8) <epel@fedoraproject.org>"
 Fingerprint: 94E2 79EB 8D8F 25B2 1810 ADF1 21EA 45AB 2F86 D6A1
 From       : /etc/pki/rpm-gpg/RPM-GPG-KEY-EPEL-8
Key imported successfully
Running transaction check
Transaction check succeeded.
Running transaction test
Transaction test succeeded.
Running transaction
  Preparing        :                                                                                                                                                                                                                                                      1/1
  Installing       : ivykis-0.42.4-2.el8.x86_64                                                                                                                                                                                                                           1/2
  Installing       : syslog-ng-3.23.1-2.el8.x86_64                                                                                                                                                                                                                        2/2
  Running scriptlet: syslog-ng-3.23.1-2.el8.x86_64                                                                                                                                                                                                                        2/2
  Verifying        : ivykis-0.42.4-2.el8.x86_64                                                                                                                                                                                                                           1/2
  Verifying        : syslog-ng-3.23.1-2.el8.x86_64                                                                                                                                                                                                                        2/2

Installed:
  ivykis-0.42.4-2.el8.x86_64                                                                                                           syslog-ng-3.23.1-2.el8.x86_64

Complete!
[root@localhost ~]# syslog-ng -V
syslog-ng 3 (3.23.1)
Config version: 3.23
Installer-Version: 3.23.1
Revision:
Compile-Date: Jul  2 2020 13:35:47
Module-Directory: /usr/lib64/syslog-ng
Module-Path: /usr/lib64/syslog-ng
Include-Path: /usr/share/syslog-ng/include
Available-Modules: add-contextual-data,affile,afprog,afsocket,afstomp,afuser,appmodel,basicfuncs,cef,confgen,cryptofuncs,csvparser,date,dbparser,disk-buffer,examples,graphite,hook-commands,json-plugin,kvformat,linux-kmsg-format,map-value-pairs,pseudofile,sdjournal,snmptrapd-parser,stardate,syslogformat,system-source,tags-parser,tfgetent,xml
Enable-Debug: off
Enable-GProf: off
Enable-Memtrace: off
Enable-IPv6: on
Enable-Spoof-Source: on
Enable-TCP-Wrapper: off
Enable-Linux-Caps: on
Enable-Systemd: on
[root@localhost ~]#
